Archive member included to satisfy reference by file (symbol)

F:/stm32cube ide/STM32CubeIDE_1.18.1/STM32CubeIDE/plugins/com.st.stm32cube.ide.mcu.externaltools.gnu-tools-for-stm32.13.3.rel1.win32_1.0.0.202411081344/tools/bin/../lib/gcc/arm-none-eabi/13.3.1/../../../../arm-none-eabi/lib/thumb/v7e-m+fp/hard\libc_nano.a(libc_a-exit.o)
                              F:/stm32cube ide/STM32CubeIDE_1.18.1/STM32CubeIDE/plugins/com.st.stm32cube.ide.mcu.externaltools.gnu-tools-for-stm32.13.3.rel1.win32_1.0.0.202411081344/tools/bin/../lib/gcc/arm-none-eabi/13.3.1/../../../../arm-none-eabi/lib/thumb/v7e-m+fp/hard/crt0.o (exit)
F:/stm32cube ide/STM32CubeIDE_1.18.1/STM32CubeIDE/plugins/com.st.stm32cube.ide.mcu.externaltools.gnu-tools-for-stm32.13.3.rel1.win32_1.0.0.202411081344/tools/bin/../lib/gcc/arm-none-eabi/13.3.1/../../../../arm-none-eabi/lib/thumb/v7e-m+fp/hard\libc_nano.a(libc_a-findfp.o)
                              F:/stm32cube ide/STM32CubeIDE_1.18.1/STM32CubeIDE/plugins/com.st.stm32cube.ide.mcu.externaltools.gnu-tools-for-stm32.13.3.rel1.win32_1.0.0.202411081344/tools/bin/../lib/gcc/arm-none-eabi/13.3.1/../../../../arm-none-eabi/lib/thumb/v7e-m+fp/hard\libc_nano.a(libc_a-exit.o) (__stdio_exit_handler)
F:/stm32cube ide/STM32CubeIDE_1.18.1/STM32CubeIDE/plugins/com.st.stm32cube.ide.mcu.externaltools.gnu-tools-for-stm32.13.3.rel1.win32_1.0.0.202411081344/tools/bin/../lib/gcc/arm-none-eabi/13.3.1/../../../../arm-none-eabi/lib/thumb/v7e-m+fp/hard\libc_nano.a(libc_a-fwalk.o)
                              F:/stm32cube ide/STM32CubeIDE_1.18.1/STM32CubeIDE/plugins/com.st.stm32cube.ide.mcu.externaltools.gnu-tools-for-stm32.13.3.rel1.win32_1.0.0.202411081344/tools/bin/../lib/gcc/arm-none-eabi/13.3.1/../../../../arm-none-eabi/lib/thumb/v7e-m+fp/hard\libc_nano.a(libc_a-findfp.o) (_fwalk_sglue)
F:/stm32cube ide/STM32CubeIDE_1.18.1/STM32CubeIDE/plugins/com.st.stm32cube.ide.mcu.externaltools.gnu-tools-for-stm32.13.3.rel1.win32_1.0.0.202411081344/tools/bin/../lib/gcc/arm-none-eabi/13.3.1/../../../../arm-none-eabi/lib/thumb/v7e-m+fp/hard\libc_nano.a(libc_a-sprintf.o)
                              ./Core/Src/UART1.o (sprintf)
F:/stm32cube ide/STM32CubeIDE_1.18.1/STM32CubeIDE/plugins/com.st.stm32cube.ide.mcu.externaltools.gnu-tools-for-stm32.13.3.rel1.win32_1.0.0.202411081344/tools/bin/../lib/gcc/arm-none-eabi/13.3.1/../../../../arm-none-eabi/lib/thumb/v7e-m+fp/hard\libc_nano.a(libc_a-stdio.o)
                              F:/stm32cube ide/STM32CubeIDE_1.18.1/STM32CubeIDE/plugins/com.st.stm32cube.ide.mcu.externaltools.gnu-tools-for-stm32.13.3.rel1.win32_1.0.0.202411081344/tools/bin/../lib/gcc/arm-none-eabi/13.3.1/../../../../arm-none-eabi/lib/thumb/v7e-m+fp/hard\libc_nano.a(libc_a-findfp.o) (__sread)
F:/stm32cube ide/STM32CubeIDE_1.18.1/STM32CubeIDE/plugins/com.st.stm32cube.ide.mcu.externaltools.gnu-tools-for-stm32.13.3.rel1.win32_1.0.0.202411081344/tools/bin/../lib/gcc/arm-none-eabi/13.3.1/../../../../arm-none-eabi/lib/thumb/v7e-m+fp/hard\libc_nano.a(libc_a-memset.o)
                              F:/stm32cube ide/STM32CubeIDE_1.18.1/STM32CubeIDE/plugins/com.st.stm32cube.ide.mcu.externaltools.gnu-tools-for-stm32.13.3.rel1.win32_1.0.0.202411081344/tools/bin/../lib/gcc/arm-none-eabi/13.3.1/../../../../arm-none-eabi/lib/thumb/v7e-m+fp/hard/crt0.o (memset)
F:/stm32cube ide/STM32CubeIDE_1.18.1/STM32CubeIDE/plugins/com.st.stm32cube.ide.mcu.externaltools.gnu-tools-for-stm32.13.3.rel1.win32_1.0.0.202411081344/tools/bin/../lib/gcc/arm-none-eabi/13.3.1/../../../../arm-none-eabi/lib/thumb/v7e-m+fp/hard\libc_nano.a(libc_a-closer.o)
                              F:/stm32cube ide/STM32CubeIDE_1.18.1/STM32CubeIDE/plugins/com.st.stm32cube.ide.mcu.externaltools.gnu-tools-for-stm32.13.3.rel1.win32_1.0.0.202411081344/tools/bin/../lib/gcc/arm-none-eabi/13.3.1/../../../../arm-none-eabi/lib/thumb/v7e-m+fp/hard\libc_nano.a(libc_a-stdio.o) (_close_r)
F:/stm32cube ide/STM32CubeIDE_1.18.1/STM32CubeIDE/plugins/com.st.stm32cube.ide.mcu.externaltools.gnu-tools-for-stm32.13.3.rel1.win32_1.0.0.202411081344/tools/bin/../lib/gcc/arm-none-eabi/13.3.1/../../../../arm-none-eabi/lib/thumb/v7e-m+fp/hard\libc_nano.a(libc_a-reent.o)
                              F:/stm32cube ide/STM32CubeIDE_1.18.1/STM32CubeIDE/plugins/com.st.stm32cube.ide.mcu.externaltools.gnu-tools-for-stm32.13.3.rel1.win32_1.0.0.202411081344/tools/bin/../lib/gcc/arm-none-eabi/13.3.1/../../../../arm-none-eabi/lib/thumb/v7e-m+fp/hard\libc_nano.a(libc_a-closer.o) (errno)
F:/stm32cube ide/STM32CubeIDE_1.18.1/STM32CubeIDE/plugins/com.st.stm32cube.ide.mcu.externaltools.gnu-tools-for-stm32.13.3.rel1.win32_1.0.0.202411081344/tools/bin/../lib/gcc/arm-none-eabi/13.3.1/../../../../arm-none-eabi/lib/thumb/v7e-m+fp/hard\libc_nano.a(libc_a-impure.o)
[...]
Memory Configuration

Name             Origin             Length             Attributes
RAM              0x20000000         0x00010000         xrw
FLASH            0x08000000         0x00040000         xr
*default*        0x00000000         0xffffffff

Linker script and memory map

LOAD F:/stm32cube ide/STM32CubeIDE_1.18.1/STM32CubeIDE/plugins/com.st.stm32cube.ide.mcu.externaltools.gnu-tools-for-stm32.13.3.rel1.win32_1.0.0.202411081344/tools/bin/../lib/gcc/arm-none-eabi/13.3.1/thumb/v7e-m+fp/hard/crti.o
LOAD F:/stm32cube ide/STM32CubeIDE_1.18.1/STM32CubeIDE/plugins/com.st.stm32cube.ide.mcu.externaltools.gnu-tools-for-stm32.13.3.rel1.win32_1.0.0.202411081344/tools/bin/../lib/gcc/arm-none-eabi/13.3.1/thumb/v7e-m+fp/hard/crtbegin.o
LOAD F:/stm32cube ide/STM32CubeIDE_1.18.1/STM32CubeIDE/plugins/com.st.stm32cube.ide.mcu.externaltools.gnu-tools-for-stm32.13.3.rel1.win32_1.0.0.202411081344/tools/bin/../lib/gcc/arm-none-eabi/13.3.1/../../../../arm-none-eabi/lib/thumb/v7e-m+fp/hard/crt0.o
LOAD ./Core/Src/ADC_Init.o
LOAD ./Core/Src/GPIO_Init.o
LOAD ./Core/Src/TIM2_PWM.o
LOAD ./Core/Src/UART1.o
LOAD ./Core/Src/main.o
LOAD ./Core/Src/motor_control.o
LOAD ./Core/Src/stm32f4xx_hal_msp.o
LOAD ./Core/Src/stm32f4xx_it.o
LOAD ./Core/Src/syscalls.o
LOAD ./Core/Src/sysmem.o
LOAD ./Core/Src/system_clock.o
LOAD ./Core/Src/system_stm32f4xx.o
LOAD ./Core/Startup/startup_stm32f401ccux.o
LOAD ./Drivers/STM32F4xx_HAL_Driver/Src/stm32f4xx_hal.o
LOAD ./Drivers/STM32F4xx_HAL_Driver/Src/stm32f4xx_hal_cortex.o
LOAD ./Drivers/STM32F4xx_HAL_Driver/Src/stm32f4xx_hal_dma.o
LOAD ./Drivers/STM32F4xx_HAL_Driver/Src/stm32f4xx_hal_dma_ex.o
LOAD ./Drivers/STM32F4xx_HAL_Driver/Src/stm32f4xx_hal_exti.o
LOAD ./Drivers/STM32F4xx_HAL_Driver/Src/stm32f4xx_hal_flash.o
LOAD ./Drivers/STM32F4xx_HAL_Driver/Src/stm32f4xx_hal_flash_ex.o
LOAD ./Drivers/STM32F4xx_HAL_Driver/Src/stm32f4xx_hal_flash_ramfunc.o
LOAD ./Drivers/STM32F4xx_HAL_Driver/Src/stm32f4xx_hal_gpio.o
LOAD ./Drivers/STM32F4xx_HAL_Driver/Src/stm32f4xx_hal_pwr.o
LOAD ./Drivers/STM32F4xx_HAL_Driver/Src/stm32f4xx_hal_pwr_ex.o
LOAD ./Drivers/STM32F4xx_HAL_Driver/Src/stm32f4xx_hal_rcc.o
LOAD ./Drivers/STM32F4xx_HAL_Driver/Src/stm32f4xx_hal_rcc_ex.o
START GROUP
LOAD F:/stm32cube ide/STM32CubeIDE_1.18.1/STM32CubeIDE/plugins/com.st.stm32cube.ide.mcu.externaltools.gnu-tools-for-stm32.13.3.rel1.win32_1.0.0.202411081344/tools/bin/../lib/gcc/arm-none-eabi/13.3.1/../../../../arm-none-eabi/lib/thumb/v7e-m+fp/hard\libc_nano.a
LOAD F:/stm32cube ide/STM32CubeIDE_1.18.1/STM32CubeIDE/plugins/com.st.stm32cube.ide.mcu.externaltools.gnu-tools-for-stm32.13.3.rel1.win32_1.0.0.202411081344/tools/bin/../lib/gcc/arm-none-eabi/13.3.1/../../../../arm-none-eabi/lib/thumb/v7e-m+fp/hard\libm.a
END GROUP
START GROUP
LOAD F:/stm32cube ide/STM32CubeIDE_1.18.1/STM32CubeIDE/plugins/com.st.stm32cube.ide.mcu.externaltools.gnu-tools-for-stm32.13.3.rel1.win32_1.0.0.202411081344/tools/bin/../lib/gcc/arm-none-eabi/13.3.1/thumb/v7e-m+fp/hard\libgcc.a
LOAD F:/stm32cube ide/STM32CubeIDE_1.18.1/STM32CubeIDE/plugins/com.st.stm32cube.ide.mcu.externaltools.gnu-tools-for-stm32.13.3.rel1.win32_1.0.0.202411081344/tools/bin/../lib/gcc/arm-none-eabi/13.3.1/../../../../arm-none-eabi/lib/thumb/v7e-m+fp/hard\libc_nano.a
END GROUP
START GROUP
LOAD F:/stm32cube ide/STM32CubeIDE_1.18.1/STM32CubeIDE/plugins/com.st.stm32cube.ide.mcu.externaltools.gnu-tools-for-stm32.13.3.rel1.win32_1.0.0.202411081344/tools/bin/../lib/gcc/arm-none-eabi/13.3.1/thumb/v7e-m+fp/hard\libgcc.a
LOAD F:/stm32cube ide/STM32CubeIDE_1.18.1/STM32CubeIDE/plugins/com.st.stm32cube.ide.mcu.externaltools.gnu-tools-for-stm32.13.3.rel1.win32_1.0.0.202411081344/tools/bin/../lib/gcc/arm-none-eabi/13.3.1/../../../../arm-none-eabi/lib/thumb/v7e-m+fp/hard\libc_nano.a
LOAD F:/stm32cube ide/STM32CubeIDE_1.18.1/STM32CubeIDE/plugins/com.st.stm32cube.ide.mcu.externaltools.gnu-tools-for-stm32.13.3.rel1.win32_1.0.0.202411081344/tools/bin/../lib/gcc/arm-none-eabi/13.3.1/../../../../arm-none-eabi/lib/thumb/v7e-m+fp/hard\libnosys.a
END GROUP
START GROUP
LOAD F:/stm32cube ide/STM32CubeIDE_1.18.1/STM32CubeIDE/plugins/com.st.stm32cube.ide.mcu.externaltools.gnu-tools-for-stm32.13.3.rel1.win32_1.0.0.202411081344/tools/bin/../lib/gcc/arm-none-eabi/13.3.1/thumb/v7e-m+fp/hard\libgcc.a
LOAD F:/stm32cube ide/STM32CubeIDE_1.18.1/STM32CubeIDE/plugins/com.st.stm32cube.ide.mcu.externaltools.gnu-tools-for-stm32.13.3.rel1.win32_1.0.0.202411081344/tools/bin/../lib/gcc/arm-none-eabi/13.3.1/../../../../arm-none-eabi/lib/thumb/v7e-m+fp/hard\libc_nano.a
LOAD F:/stm32cube ide/STM32CubeIDE_1.18.1/STM32CubeIDE/plugins/com.st.stm32cube.ide.mcu.externaltools.gnu-tools-for-stm32.13.3.rel1.win32_1.0.0.202411081344/tools/bin/../lib/gcc/arm-none-eabi/13.3.1/../../../../arm-none-eabi/lib/thumb/v7e-m+fp/hard\libnosys.a
END GROUP
LOAD F:/stm32cube ide/STM32CubeIDE_1.18.1/STM32CubeIDE/plugins/com.st.stm32cube.ide.mcu.externaltools.gnu-tools-for-stm32.13.3.rel1.win32_1.0.0.202411081344/tools/bin/../lib/gcc/arm-none-eabi/13.3.1/thumb/v7e-m+fp/hard/crtend.o
LOAD F:/stm32cube ide/STM32CubeIDE_1.18.1/STM32CubeIDE/plugins/com.st.stm32cube.ide.mcu.externaltools.gnu-tools-for-stm32.13.3.rel1.win32_1.0.0.202411081344/tools/bin/../lib/gcc/arm-none-eabi/13.3.1/thumb/v7e-m+fp/hard/crtn.o
                0x20010000                        _estack = (ORIGIN (RAM) + LENGTH (RAM))
                0x00000200                        _Min_Heap_Size = 0x200
                0x00000400                        _Min_Stack_Size = 0x400

.isr_vector     0x08000000      0x194
                0x08000000                        . = ALIGN (0x4)
 *(.isr_vector)
 .isr_vector    0x08000000      0x194 ./Core/Startup/startup_stm32f401ccux.o
                0x08000000                g_pfnVectors
                0x08000194                        . = ALIGN (0x4)

.text           0x080001a0     0x1020
                0x080001a0                        . = ALIGN (0x4)
 *(.text)
 .text          0x080001a0       0x40 F:/stm32cube ide/STM32CubeIDE_1.18.1/STM32CubeIDE/plugins/com.st.stm32cube.ide.mcu.externaltools.gnu-tools-for-stm32.13.3.rel1.win32_1.0.0.202411081344/tools/bin/../lib/gcc/arm-none-eabi/13.3.1/thumb/v7e-m+fp/hard/crtbegin.o
 .text          0x080001e0       0xa0 F:/stm32cube ide/STM32CubeIDE_1.18.1/STM32CubeIDE/plugins/com.st.stm32cube.ide.mcu.externaltools.gnu-tools-for-stm32.13.3.rel1.win32_1.0.0.202411081344/tools/bin/../lib/gcc/arm-none-eabi/13.3.1/../../../../arm-none-eabi/lib/thumb/v7e-m+fp/hard\libc_nano.a(libc_a-memchr.o)
                0x080001e0                memchr
 *(.text*)
 .text.ADC_Init
                0x08000280       0x70 ./Core/Src/ADC_Init.o
                0x08000280                ADC_Init
 .text.ADC_Read
                0x080002f0       0x38 ./Core/Src/ADC_Init.o
                0x080002f0                ADC_Read
 .text.GPIO_Init
                0x08000328      0x13c ./Core/Src/GPIO_Init.o
                0x08000328                GPIO_Init
 .text.TIM2_Init
                0x08000464       0xb4 ./Core/Src/TIM2_PWM.o
                0x08000464                TIM2_Init
 .text.USART1_Config
                0x08000518       0x88 ./Core/Src/UART1.o
                0x08000518                USART1_Config
 .text.USART1_SendChar
                0x080005a0       0x30 ./Core/Src/UART1.o
                0x080005a0                USART1_SendChar
 .text.USART1_SendString
                0x080005d0       0x2a ./Core/Src/UART1.o
                0x080005d0                USART1_SendString
 *fill*         0x080005fa        0x2 
 .text.USART1_SendNumber
                0x080005fc       0x30 ./Core/Src/UART1.o
                0x080005fc                USART1_SendNumber
 .text.main     0x0800062c       0x54 ./Core/Src/main.o
                0x0800062c                main
 .text.Motor_Control
                0x08000680       0x7c ./Core/Src/motor_control.o
                0x08000680                Motor_Control
 .text.NMI_Handler
                0x080006fc        0x8 ./Core/Src/stm32f4xx_it.o
                0x080006fc                NMI_Handler
 .text.HardFault_Handler
                0x08000704        0x8 ./Core/Src/stm32f4xx_it.o
                0x08000704                HardFault_Handler
 .text.MemManage_Handler
                0x0800070c        0x8 ./Core/Src/stm32f4xx_it.o
                0x0800070c                MemManage_Handler
 .text.BusFault_Handler
                0x08000714        0x8 ./Core/Src/stm32f4xx_it.o
                0x08000714                BusFault_Handler
 .text.UsageFault_Handler
                0x0800071c        0x8 ./Core/Src/stm32f4xx_it.o
                0x0800071c                UsageFault_Handler
 .text.SVC_Handler
                0x08000724        0xe ./Core/Src/stm32f4xx_it.o
                0x08000724                SVC_Handler
 .text.DebugMon_Handler
                0x08000732        0xe ./Core/Src/stm32f4xx_it.o
                0x08000732                DebugMon_Handler
 .text.PendSV_Handler
                0x08000740        0xe ./Core/Src/stm32f4xx_it.o
                0x08000740                PendSV_Handler
 .text.SysTick_Handler
                0x0800074e        0xc ./Core/Src/stm32f4xx_it.o
                0x0800074e                SysTick_Handler
 *fill*         0x0800075a        0x2 
 .text._sbrk    0x0800075c       0x6c ./Core/Src/sysmem.o
                0x0800075c                _sbrk
 .text.SystemClock_Config
                0x080007c8        0xe ./Core/Src/system_clock.o
                0x080007c8                SystemClock_Config
 *fill*         0x080007d6        0x2 
 .text.SystemInit
                0x080007d8       0x24 ./Core/Src/system_stm32f4xx.o
                0x080007d8                SystemInit
 .text.Reset_Handler
                0x080007fc       0x50 ./Core/Startup/startup_stm32f401ccux.o
                0x080007fc                Reset_Handler
 .text.Default_Handler
                0x0800084c        0x2 ./Core/Startup/startup_stm32f401ccux.o
                0x0800084c                RTC_Alarm_IRQHandler
                0x0800084c                EXTI2_IRQHandler
                0x0800084c                SPI4_IRQHandler
                0x0800084c                TIM1_CC_IRQHandler
                0x0800084c                DMA2_Stream5_IRQHandler
                0x0800084c                DMA1_Stream5_IRQHandler
                0x0800084c                PVD_IRQHandler
                0x0800084c                SDIO_IRQHandler
                0x0800084c                TAMP_STAMP_IRQHandler
                0x0800084c                EXTI3_IRQHandler
                0x0800084c                TIM1_UP_TIM10_IRQHandler
                0x0800084c                I2C3_ER_IRQHandler
                0x0800084c                EXTI0_IRQHandler
                0x0800084c                I2C2_EV_IRQHandler
                0x0800084c                DMA1_Stream2_IRQHandler
                0x0800084c                FPU_IRQHandler
                0x0800084c                DMA2_Stream2_IRQHandler
                0x0800084c                SPI1_IRQHandler
                0x0800084c                TIM1_BRK_TIM9_IRQHandler
                0x0800084c                DMA2_Stream3_IRQHandler
                0x0800084c                USART6_IRQHandler
                0x0800084c                DMA2_Stream0_IRQHandler
                0x0800084c                TIM4_IRQHandler
                0x0800084c                I2C1_EV_IRQHandler
                0x0800084c                DMA1_Stream6_IRQHandler
                0x0800084c                DMA1_Stream1_IRQHandler
                0x0800084c                TIM3_IRQHandler
                0x0800084c                RCC_IRQHandler
                0x0800084c                Default_Handler
                0x0800084c                EXTI15_10_IRQHandler
                0x0800084c                ADC_IRQHandler
                0x0800084c                DMA1_Stream7_IRQHandler
                0x0800084c                TIM5_IRQHandler
                0x0800084c                DMA2_Stream7_IRQHandler
                0x0800084c                I2C3_EV_IRQHandler
                0x0800084c                EXTI9_5_IRQHandler
                0x0800084c                RTC_WKUP_IRQHandler
                0x0800084c                SPI2_IRQHandler
                0x0800084c                DMA1_Stream0_IRQHandler
                0x0800084c                EXTI4_IRQHandler
                0x0800084c                WWDG_IRQHandler
                0x0800084c                TIM2_IRQHandler
                0x0800084c                OTG_FS_WKUP_IRQHandler
                0x0800084c                TIM1_TRG_COM_TIM11_IRQHandler
                0x0800084c                EXTI1_IRQHandler
                0x0800084c                USART2_IRQHandler
                0x0800084c                I2C2_ER_IRQHandler
                0x0800084c                DMA2_Stream1_IRQHandler
                0x0800084c                FLASH_IRQHandler
                0x0800084c                DMA2_Stream4_IRQHandler
                0x0800084c                USART1_IRQHandler
                0x0800084c                OTG_FS_IRQHandler
                0x0800084c                SPI3_IRQHandler
                0x0800084c                DMA1_Stream4_IRQHandler
                0x0800084c                I2C1_ER_IRQHandler
                0x0800084c                DMA2_Stream6_IRQHandler
                0x0800084c                DMA1_Stream3_IRQHandler
 *fill*         0x0800084e        0x2 
 .text.HAL_IncTick
                0x08000850       0x28 ./Drivers/STM32F4xx_HAL_Driver/Src/stm32f4xx_hal.o
                0x08000850                HAL_IncTick
 .text.sprintf  0x08000878       0x44 F:/stm32cube ide/STM32CubeIDE_1.18.1/STM32CubeIDE/plugins/com.st.stm32cube.ide.mcu.externaltools.gnu-tools-for-stm32.13.3.rel1.win32_1.0.0.202411081344/tools/bin/../lib/gcc/arm-none-eabi/13.3.1/../../../../arm-none-eabi/lib/thumb/v7e-m+fp/hard\libc_nano.a(libc_a-sprintf.o)
                0x08000878                siprintf
                0x08000878                sprintf
 .text.__errno  0x080008bc        0xc F:/stm32cube ide/STM32CubeIDE_1.18.1/STM32CubeIDE/plugins/com.st.stm32cube.ide.mcu.externaltools.gnu-tools-for-stm32.13.3.rel1.win32_1.0.0.202411081344/tools/bin/../lib/gcc/arm-none-eabi/13.3.1/../../../../arm-none-eabi/lib/thumb/v7e-m+fp/hard\libc_nano.a(libc_a-errno.o)
                0x080008bc                __errno
 .text.__libc_init_array
                0x080008c8       0x48 F:/stm32cube ide/STM32CubeIDE_1.18.1/STM32CubeIDE/plugins/com.st.stm32cube.ide.mcu.externaltools.gnu-tools-for-stm32.13.3.rel1.win32_1.0.0.202411081344/tools/bin/../lib/gcc/arm-none-eabi/13.3.1/../../../../arm-none-eabi/lib/thumb/v7e-m+fp/hard\libc_nano.a(libc_a-init.o)
                0x080008c8                __libc_init_array
 .text.__retarget_lock_acquire_recursive
                0x08000910        0x2 F:/stm32cube ide/STM32CubeIDE_1.18.1/STM32CubeIDE/plugins/com.st.stm32cube.ide.mcu.externaltools.gnu-tools-for-stm32.13.3.rel1.win32_1.0.0.202411081344/tools/bin/../lib/gcc/arm-none-eabi/13.3.1/../../../../arm-none-eabi/lib/thumb/v7e-m+fp/hard\libc_nano.a(libc_a-lock.o)
                0x08000910                __retarget_lock_acquire_recursive
 .text.__retarget_lock_release_recursive
                0x08000912        0x2 F:/stm32cube ide/STM32CubeIDE_1.18.1/STM32CubeIDE/plugins/com.st.stm32cube.ide.mcu.externaltools.gnu-tools-for-stm32.13.3.rel1.win32_1.0.0.202411081344/tools/bin/../lib/gcc/arm-none-eabi/13.3.1/../../../../arm-none-eabi/lib/thumb/v7e-m+fp/hard\libc_nano.a(libc_a-lock.o)
                0x08000912                __retarget_lock_release_recursive
 .text._free_r  0x08000914       0x94 F:/stm32cube ide/STM32CubeIDE_1.18.1/STM32CubeIDE/plugins/com.st.stm32cube.ide.mcu.externaltools.gnu-tools-for-stm32.13.3.rel1.win32_1.0.0.202411081344/tools/bin/../lib/gcc/arm-none-eabi/13.3.1/../../../../arm-none-eabi/lib/thumb/v7e-m+fp/hard\libc_nano.a(libc_a-freer.o)
                0x08000914                _free_r
 .text.sbrk_aligned
                0x080009a8       0x44 F:/stm32cube ide/STM32CubeIDE_1.18.1/STM32CubeIDE/plugins/com.st.stm32cube.ide.mcu.externaltools.gnu-tools-for-stm32.13.3.rel1.win32_1.0.0.202411081344/tools/bin/../lib/gcc/arm-none-eabi/13.3.1/../../../../arm-none-eabi/lib/thumb/v7e-m+fp/hard\libc_nano.a(libc_a-mallocr.o)
 .text._malloc_r
                0x080009ec      0x100 F:/stm32cube ide/STM32CubeIDE_1.18.1/STM32CubeIDE/plugins/com.st.stm32cube.ide.mcu.externaltools.gnu-tools-for-stm32.13.3.rel1.win32_1.0.0.202411081344/tools/bin/../lib/gcc/arm-none-eabi/13.3.1/../../../../arm-none-eabi/lib/thumb/v7e-m+fp/hard\libc_nano.a(libc_a-mallocr.o)
                0x080009ec                _malloc_r
 .text.__malloc_lock
                0x08000aec        0xc F:/stm32cube ide/STM32CubeIDE_1.18.1/STM32CubeIDE/plugins/com.st.stm32cube.ide.mcu.externaltools.gnu-tools-for-stm32.13.3.rel1.win32_1.0.0.202411081344/tools/bin/../lib/gcc/arm-none-eabi/13.3.1/../../../../arm-none-eabi/lib/thumb/v7e-m+fp/hard\libc_nano.a(libc_a-mlock.o)
                0x08000aec                __malloc_lock
 .text.__malloc_unlock
                0x08000af8        0xc F:/stm32cube ide/STM32CubeIDE_1.18.1/STM32CubeIDE/plugins/com.st.stm32cube.ide.mcu.externaltools.gnu-tools-for-stm32.13.3.rel1.win32_1.0.0.202411081344/tools/bin/../lib/gcc/arm-none-eabi/13.3.1/../../../../arm-none-eabi/lib/thumb/v7e-m+fp/hard\libc_nano.a(libc_a-mlock.o)
                0x08000af8                __malloc_unlock
 .text.__ssputs_r
                0x08000b04       0xb6 F:/stm32cube ide/STM32CubeIDE_1.18.1/STM32CubeIDE/plugins/com.st.stm32cube.ide.mcu.externaltools.gnu-tools-for-stm32.13.3.rel1.win32_1.0.0.202411081344/tools/bin/../lib/gcc/arm-none-eabi/13.3.1/../../../../arm-none-eabi/lib/thumb/v7e-m+fp/hard\libc_nano.a(libc_a-nano-svfprintf.o)
                0x08000b04                __ssputs_r
 *fill*         0x08000bba        0x2 
 .text._svfprintf_r
                0x08000bbc      0x1f8 F:/stm32cube ide/STM32CubeIDE_1.18.1/STM32CubeIDE/plugins/com.st.stm32cube.ide.mcu.externaltools.gnu-tools-for-stm32.13.3.rel1.win32_1.0.0.202411081344/tools/bin/../lib/gcc/arm-none-eabi/13.3.1/../../../../arm-none-eabi/lib/thumb/v7e-m+fp/hard\libc_nano.a(libc_a-nano-svfprintf.o)
                0x08000bbc                _svfiprintf_r
                0x08000bbc                _svfprintf_r
 .text._printf_common
                0x08000db4       0xda F:/stm32cube ide/STM32CubeIDE_1.18.1/STM32CubeIDE/plugins/com.st.stm32cube.ide.mcu.externaltools.gnu-tools-for-stm32.13.3.rel1.win32_1.0.0.202411081344/tools/bin/../lib/gcc/arm-none-eabi/13.3.1/../../../../arm-none-eabi/lib/thumb/v7e-m+fp/hard\libc_nano.a(libc_a-nano-vfprintf_i.o)
                0x08000db4                _printf_common
 *fill*         0x08000e8e        0x2 
 .text._printf_i
                0x08000e90      0x23c F:/stm32cube ide/STM32CubeIDE_1.18.1/STM32CubeIDE/plugins/com.st.stm32cube.ide.mcu.externaltools.gnu-tools-for-stm32.13.3.rel1.win32_1.0.0.202411081344/tools/bin/../lib/gcc/arm-none-eabi/13.3.1/../../../../arm-none-eabi/lib/thumb/v7e-m+fp/hard\libc_nano.a(libc_a-nano-vfprintf_i.o)
                0x08000e90                _printf_i
 .text.memmove  0x080010cc       0x34 F:/stm32cube ide/STM32CubeIDE_1.18.1/STM32CubeIDE/plugins/com.st.stm32cube.ide.mcu.externaltools.gnu-tools-for-stm32.13.3.rel1.win32_1.0.0.202411081344/tools/bin/../lib/gcc/arm-none-eabi/13.3.1/../../../../arm-none-eabi/lib/thumb/v7e-m+fp/hard\libc_nano.a(libc_a-memmove.o)
                0x080010cc                memmove
 .text._sbrk_r  0x08001100       0x20 F:/stm32cube ide/STM32CubeIDE_1.18.1/STM32CubeIDE/plugins/com.st.stm32cube.ide.mcu.externaltools.gnu-tools-for-stm32.13.3.rel1.win32_1.0.0.202411081344/tools/bin/../lib/gcc/arm-none-eabi/13.3.1/../../../../arm-none-eabi/lib/thumb/v7e-m+fp/hard\libc_nano.a(libc_a-sbrkr.o)
                0x08001100                _sbrk_r
 .text.memcpy   0x08001120       0x1c F:/stm32cube ide/STM32CubeIDE_1.18.1/STM32CubeIDE/plugins/com.st.stm32cube.ide.mcu.externaltools.gnu-tools-for-stm32.13.3.rel1.win32_1.0.0.202411081344/tools/bin/../lib/gcc/arm-none-eabi/13.3.1/../../../../arm-none-eabi/lib/thumb/v7e-m+fp/hard\libc_nano.a(libc_a-memcpy-stub.o)
                0x08001120                memcpy
 .text._realloc_r
                0x0800113c       0x5c F:/stm32cube ide/STM32CubeIDE_1.18.1/STM32CubeIDE/plugins/com.st.stm32cube.ide.mcu.externaltools.gnu-tools-for-stm32.13.3.rel1.win32_1.0.0.202411081344/tools/bin/../lib/gcc/arm-none-eabi/13.3.1/../../../../arm-none-eabi/lib/thumb/v7e-m+fp/hard\libc_nano.a(libc_a-reallocr.o)
                0x0800113c                _realloc_r
 .text._malloc_usable_size_r
                0x08001198       0x10 F:/stm32cube ide/STM32CubeIDE_1.18.1/STM32CubeIDE/plugins/com.st.stm32cube.ide.mcu.externaltools.gnu-tools-for-stm32.13.3.rel1.win32_1.0.0.202411081344/tools/bin/../lib/gcc/arm-none-eabi/13.3.1/../../../../arm-none-eabi/lib/thumb/v7e-m+fp/hard\libc_nano.a(libc_a-msizer.o)
                0x08001198                _malloc_usable_size_r
 *(.glue_7)
 .glue_7        0x080011a8        0x0 linker stubs
 *(.glue_7t)
 .glue_7t       0x080011a8        0x0 linker stubs
 *(.eh_frame)
 .eh_frame      0x080011a8        0x0 F:/stm32cube ide/STM32CubeIDE_1.18.1/STM32CubeIDE/plugins/com.st.stm32cube.ide.mcu.externaltools.gnu-tools-for-stm32.13.3.rel1.win32_1.0.0.202411081344/tools/bin/../lib/gcc/arm-none-eabi/13.3.1/thumb/v7e-m+fp/hard/crtbegin.o
 *(.init)
 .init          0x080011a8        0x4 F:/stm32cube ide/STM32CubeIDE_1.18.1/STM32CubeIDE/plugins/com.st.stm32cube.ide.mcu.externaltools.gnu-tools-for-stm32.13.3.rel1.win32_1.0.0.202411081344/tools/bin/../lib/gcc/arm-none-eabi/13.3.1/thumb/v7e-m+fp/hard/crti.o
                0x080011a8                _init
 .init          0x080011ac        0x8 F:/stm32cube ide/STM32CubeIDE_1.18.1/STM32CubeIDE/plugins/com.st.stm32cube.ide.mcu.externaltools.gnu-tools-for-stm32.13.3.rel1.win32_1.0.0.202411081344/tools/bin/../lib/gcc/arm-none-eabi/13.3.1/thumb/v7e-m+fp/hard/crtn.o
 *(.fini)
 .fini          0x080011b4        0x4 F:/stm32cube ide/STM32CubeIDE_1.18.1/STM32CubeIDE/plugins/com.st.stm32cube.ide.mcu.externaltools.gnu-tools-for-stm32.13.3.rel1.win32_1.0.0.202411081344/tools/bin/../lib/gcc/arm-none-eabi/13.3.1/thumb/v7e-m+fp/hard/crti.o
                0x080011b4                _fini
 .fini          0x080011b8        0x8 F:/stm32cube ide/STM32CubeIDE_1.18.1/STM32CubeIDE/plugins/com.st.stm32cube.ide.mcu.externaltools.gnu-tools-for-stm32.13.3.rel1.win32_1.0.0.202411081344/tools/bin/../lib/gcc/arm-none-eabi/13.3.1/thumb/v7e-m+fp/hard/crtn.o
                0x080011c0                        . = ALIGN (0x4)
                0x080011c0                        _etext = .

.vfp11_veneer   0x080011c0        0x0
 .vfp11_veneer  0x080011c0        0x0 linker stubs

.v4_bx          0x080011c0        0x0
 .v4_bx         0x080011c0        0x0 linker stubs

.iplt           0x080011c0        0x0
 .iplt          0x080011c0        0x0 F:/stm32cube ide/STM32CubeIDE_1.18.1/STM32CubeIDE/plugins/com.st.stm32cube.ide.mcu.externaltools.gnu-tools-for-stm32.13.3.rel1.win32_1.0.0.202411081344/tools/bin/../lib/gcc/arm-none-eabi/13.3.1/thumb/v7e-m+fp/hard/crtbegin.o

.rodata         0x080011c0       0x44
                0x080011c0                        . = ALIGN (0x4)
 *(.rodata)
 .rodata        0x080011c0        0x3 ./Core/Src/UART1.o
 *fill*         0x080011c3        0x1 
 .rodata        0x080011c4        0xb ./Core/Src/main.o
 *(.rodata*)
 .rodata._svfprintf_r.str1.1
                0x080011cf       0x33 F:/stm32cube ide/STM32CubeIDE_1.18.1/STM32CubeIDE/plugins/com.st.stm32cube.ide.mcu.externaltools.gnu-tools-for-stm32.13.3.rel1.win32_1.0.0.202411081344/tools/bin/../lib/gcc/arm-none-eabi/13.3.1/../../../../arm-none-eabi/lib/thumb/v7e-m+fp/hard\libc_nano.a(libc_a-nano-svfprintf.o)
                                 0x11 (size before relaxing)
 .rodata._printf_i.str1.1
                0x08001202       0x22 F:/stm32cube ide/STM32CubeIDE_1.18.1/STM32CubeIDE/plugins/com.st.stm32cube.ide.mcu.externaltools.gnu-tools-for-stm32.13.3.rel1.win32_1.0.0.202411081344/tools/bin/../lib/gcc/arm-none-eabi/13.3.1/../../../../arm-none-eabi/lib/thumb/v7e-m+fp/hard\libc_nano.a(libc_a-nano-vfprintf_i.o)
                0x08001224                        . = ALIGN (0x4)
 *fill*         0x08001202        0x2 

.ARM.extab      0x08001204        0x0
                0x08001204                        . = ALIGN (0x4)
 *(.ARM.extab* .gnu.linkonce.armextab.*)
                0x08001204                        . = ALIGN (0x4)

.ARM            0x08001204        0x8
                0x08001204                        . = ALIGN (0x4)
                0x08001204                        __exidx_start = .
 *(.ARM.exidx*)
 .ARM.exidx     0x08001204        0x8 F:/stm32cube ide/STM32CubeIDE_1.18.1/STM32CubeIDE/plugins/com.st.stm32cube.ide.mcu.externaltools.gnu-tools-for-stm32.13.3.rel1.win32_1.0.0.202411081344/tools/bin/../lib/gcc/arm-none-eabi/13.3.1/../../../../arm-none-eabi/lib/thumb/v7e-m+fp/hard\libc_nano.a(libc_a-memchr.o)
                0x0800120c                        __exidx_end = .
                0x0800120c                        . = ALIGN (0x4)

.preinit_array  0x0800120c        0x0
                0x0800120c                        . = ALIGN (0x4)
                0x0800120c                        PROVIDE (__preinit_array_start = .)
 *(.preinit_array*)
                0x0800120c                        PROVIDE (__preinit_array_end = .)
                0x0800120c                        . = ALIGN (0x4)

.init_array     0x0800120c        0x4
                0x0800120c                        . = ALIGN (0x4)
                0x0800120c                        PROVIDE (__init_array_start = .)
 *(SORT_BY_NAME(.init_array.*))
 *(.init_array*)
 .init_array    0x0800120c        0x4 F:/stm32cube ide/STM32CubeIDE_1.18.1/STM32CubeIDE/plugins/com.st.stm32cube.ide.mcu.externaltools.gnu-tools-for-stm32.13.3.rel1.win32_1.0.0.202411081344/tools/bin/../lib/gcc/arm-none-eabi/13.3.1/thumb/v7e-m+fp/hard/crtbegin.o
                0x08001210                        PROVIDE (__init_array_end = .)
                0x08001210                        . = ALIGN (0x4)

.fini_array     0x08001210        0x4
                0x08001210                        . = ALIGN (0x4)
                [!provide]                        PROVIDE (__fini_array_start = .)
 *(SORT_BY_NAME(.fini_array.*))
 *(.fini_array*)
 .fini_array    0x08001210        0x4 F:/stm32cube ide/STM32CubeIDE_1.18.1/STM32CubeIDE/plugins/com.st.stm32cube.ide.mcu.externaltools.gnu-tools-for-stm32.13.3.rel1.win32_1.0.0.202411081344/tools/bin/../lib/gcc/arm-none-eabi/13.3.1/thumb/v7e-m+fp/hard/crtbegin.o
                [!provide]                        PROVIDE (__fini_array_end = .)
                0x08001214                        . = ALIGN (0x4)
                0x08001214                        _sidata = LOADADDR (.data)

.rel.dyn        0x08001214        0x0
 .rel.iplt      0x08001214        0x0 F:/stm32cube ide/STM32CubeIDE_1.18.1/STM32CubeIDE/plugins/com.st.stm32cube.ide.mcu.externaltools.gnu-tools-for-stm32.13.3.rel1.win32_1.0.0.202411081344/tools/bin/../lib/gcc/arm-none-eabi/13.3.1/thumb/v7e-m+fp/hard/crtbegin.o

.data           0x20000000       0x54 load address 0x08001214
                0x20000000                        . = ALIGN (0x4)
                0x20000000                        _sdata = .
 *(.data)
 *(.data*)
 .data.uwTickFreq
                0x20000000        0x1 ./Drivers/STM32F4xx_HAL_Driver/Src/stm32f4xx_hal.o
                0x20000000                uwTickFreq
 *fill*         0x20000001        0x3 
 .data._impure_ptr
                0x20000004        0x4 F:/stm32cube ide/STM32CubeIDE_1.18.1/STM32CubeIDE/plugins/com.st.stm32cube.ide.mcu.externaltools.gnu-tools-for-stm32.13.3.rel1.win32_1.0.0.202411081344/tools/bin/../lib/gcc/arm-none-eabi/13.3.1/../../../../arm-none-eabi/lib/thumb/v7e-m+fp/hard\libc_nano.a(libc_a-impure.o)
                0x20000004                _impure_ptr
 .data._impure_data
                0x20000008       0x4c F:/stm32cube ide/STM32CubeIDE_1.18.1/STM32CubeIDE/plugins/com.st.stm32cube.ide.mcu.externaltools.gnu-tools-for-stm32.13.3.rel1.win32_1.0.0.202411081344/tools/bin/../lib/gcc/arm-none-eabi/13.3.1/../../../../arm-none-eabi/lib/thumb/v7e-m+fp/hard\libc_nano.a(libc_a-impure.o)
                0x20000008                _impure_data
 *(.RamFunc)
 *(.RamFunc*)
                0x20000054                        . = ALIGN (0x4)
                0x20000054                        _edata = .

.igot.plt       0x20000054        0x0 load address 0x08001268
 .igot.plt      0x20000054        0x0 F:/stm32cube ide/STM32CubeIDE_1.18.1/STM32CubeIDE/plugins/com.st.stm32cube.ide.mcu.externaltools.gnu-tools-for-stm32.13.3.rel1.win32_1.0.0.202411081344/tools/bin/../lib/gcc/arm-none-eabi/13.3.1/thumb/v7e-m+fp/hard/crtbegin.o
                0x20000054                        . = ALIGN (0x4)

.bss            0x20000054      0x16c load address 0x08001268
                0x20000054                        _sbss = .
                0x20000054                        __bss_start__ = _sbss
 *(.bss)
 .bss           0x20000054       0x1c F:/stm32cube ide/STM32CubeIDE_1.18.1/STM32CubeIDE/plugins/com.st.stm32cube.ide.mcu.externaltools.gnu-tools-for-stm32.13.3.rel1.win32_1.0.0.202411081344/tools/bin/../lib/gcc/arm-none-eabi/13.3.1/thumb/v7e-m+fp/hard/crtbegin.o
 *(.bss*)
 .bss.__sbrk_heap_end
                0x20000070        0x4 ./Core/Src/sysmem.o
 .bss.uwTick    0x20000074        0x4 ./Drivers/STM32F4xx_HAL_Driver/Src/stm32f4xx_hal.o
                0x20000074                uwTick
 .bss.__sf      0x20000078      0x138 F:/stm32cube ide/STM32CubeIDE_1.18.1/STM32CubeIDE/plugins/com.st.stm32cube.ide.mcu.externaltools.gnu-tools-for-stm32.13.3.rel1.win32_1.0.0.202411081344/tools/bin/../lib/gcc/arm-none-eabi/13.3.1/../../../../arm-none-eabi/lib/thumb/v7e-m+fp/hard\libc_nano.a(libc_a-findfp.o)
                0x20000078                __sf
 .bss.errno     0x200001b0        0x4 F:/stm32cube ide/STM32CubeIDE_1.18.1/STM32CubeIDE/plugins/com.st.stm32cube.ide.mcu.externaltools.gnu-tools-for-stm32.13.3.rel1.win32_1.0.0.202411081344/tools/bin/../lib/gcc/arm-none-eabi/13.3.1/../../../../arm-none-eabi/lib/thumb/v7e-m+fp/hard\libc_nano.a(libc_a-reent.o)
                0x200001b0                errno
 .bss.__lock___malloc_recursive_mutex
                0x200001b4        0x1 F:/stm32cube ide/STM32CubeIDE_1.18.1/STM32CubeIDE/plugins/com.st.stm32cube.ide.mcu.externaltools.gnu-tools-for-stm32.13.3.rel1.win32_1.0.0.202411081344/tools/bin/../lib/gcc/arm-none-eabi/13.3.1/../../../../arm-none-eabi/lib/thumb/v7e-m+fp/hard\libc_nano.a(libc_a-lock.o)
                0x200001b4                __lock___malloc_recursive_mutex
 *fill*         0x200001b5        0x3 
 .bss.__malloc_sbrk_start
                0x200001b8        0x4 F:/stm32cube ide/STM32CubeIDE_1.18.1/STM32CubeIDE/plugins/com.st.stm32cube.ide.mcu.externaltools.gnu-tools-for-stm32.13.3.rel1.win32_1.0.0.202411081344/tools/bin/../lib/gcc/arm-none-eabi/13.3.1/../../../../arm-none-eabi/lib/thumb/v7e-m+fp/hard\libc_nano.a(libc_a-mallocr.o)
                0x200001b8                __malloc_sbrk_start
 .bss.__malloc_free_list
                0x200001bc        0x4 F:/stm32cube ide/STM32CubeIDE_1.18.1/STM32CubeIDE/plugins/com.st.stm32cube.ide.mcu.externaltools.gnu-tools-for-stm32.13.3.rel1.win32_1.0.0.202411081344/tools/bin/../lib/gcc/arm-none-eabi/13.3.1/../../../../arm-none-eabi/lib/thumb/v7e-m+fp/hard\libc_nano.a(libc_a-mallocr.o)
                0x200001bc                __malloc_free_list
 *(COMMON)
                0x200001c0                        . = ALIGN (0x4)
                0x200001c0                        _ebss = .
                0x200001c0                        __bss_end__ = _ebss

._user_heap_stack
                0x200001c0      0x600 load address 0x08001268
                0x200001c0                        . = ALIGN (0x8)
                [!provide]                        PROVIDE (end = .)
                0x200001c0                        PROVIDE (_end = .)
                0x200003c0                        . = (. + _Min_Heap_Size)
 *fill*         0x200001c0      0x200 
                0x200007c0                        . = (. + _Min_Stack_Size)
 *fill*         0x200003c0      0x400 
                0x200007c0                        . = ALIGN (0x8)

/DISCARD/
 libc.a(*)
 libm.a(*)
 libgcc.a(*)

.ARM.attributes
                0x00000000       0x30
 *(.ARM.attributes)
 .ARM.attributes
                0x00000000       0x22 F:/stm32cube ide/STM32CubeIDE_1.18.1/STM32CubeIDE/plugins/com.st.stm32cube.ide.mcu.externaltools.gnu-tools-for-stm32.13.3.rel1.win32_1.0.0.202411081344/tools/bin/../lib/gcc/arm-none-eabi/13.3.1/thumb/v7e-m+fp/hard/crti.o
 .ARM.attributes
                0x00000022       0x34 F:/stm32cube ide/STM32CubeIDE_1.18.1/STM32CubeIDE/plugins/com.st.stm32cube.ide.mcu.externaltools.gnu-tools-for-stm32.13.3.rel1.win32_1.0.0.202411081344/tools/bin/../lib/gcc/arm-none-eabi/13.3.1/thumb/v7e-m+fp/hard/crtbegin.o
 .ARM.attributes
                0x00000056       0x34 ./Core/Src/ADC_Init.o
 .ARM.attributes
                0x0000008a       0x34 ./Core/Src/GPIO_Init.o
 .ARM.attributes
                0x000000be       0x34 ./Core/Src/TIM2_PWM.o
 .ARM.attributes
                0x000000f2       0x34 ./Core/Src/UART1.o
 .ARM.attributes
                0x00000126       0x34 ./Core/Src/main.o
 .ARM.attributes
                0x0000015a       0x34 ./Core/Src/motor_control.o
 .ARM.attributes
                0x0000018e       0x34 ./Core/Src/stm32f4xx_it.o
 .ARM.attributes
                0x000001c2       0x34 ./Core/Src/sysmem.o
 .ARM.attributes
                0x000001f6       0x34 ./Core/Src/system_clock.o
 .ARM.attributes
                0x0000022a       0x34 ./Core/Src/system_stm32f4xx.o
 .ARM.attributes
                0x0000025e       0x21 ./Core/Startup/startup_stm32f401ccux.o
 .ARM.attributes
                0x0000027f       0x34 ./Drivers/STM32F4xx_HAL_Driver/Src/stm32f4xx_hal.o
 .ARM.attributes
                0x000002b3       0x34 F:/stm32cube ide/STM32CubeIDE_1.18.1/STM32CubeIDE/plugins/com.st.stm32cube.ide.mcu.externaltools.gnu-tools-for-stm32.13.3.rel1.win32_1.0.0.202411081344/tools/bin/../lib/gcc/arm-none-eabi/13.3.1/../../../../arm-none-eabi/lib/thumb/v7e-m+fp/hard\libc_nano.a(libc_a-findfp.o)
 .ARM.attributes
                0x000002e7       0x34 F:/stm32cube ide/STM32CubeIDE_1.18.1/STM32CubeIDE/plugins/com.st.stm32cube.ide.mcu.externaltools.gnu-tools-for-stm32.13.3.rel1.win32_1.0.0.202411081344/tools/bin/../lib/gcc/arm-none-eabi/13.3.1/../../../../arm-none-eabi/lib/thumb/v7e-m+fp/hard\libc_nano.a(libc_a-sprintf.o)
 .ARM.attributes
                0x0000031b       0x34 F:/stm32cube ide/STM32CubeIDE_1.18.1/STM32CubeIDE/plugins/com.st.stm32cube.ide.mcu.externaltools.gnu-tools-for-stm32.13.3.rel1.win32_1.0.0.202411081344/tools/bin/../lib/gcc/arm-none-eabi/13.3.1/../../../../arm-none-eabi/lib/thumb/v7e-m+fp/hard\libc_nano.a(libc_a-reent.o)
 .ARM.attributes
                0x0000034f       0x34 F:/stm32cube ide/STM32CubeIDE_1.18.1/STM32CubeIDE/plugins/com.st.stm32cube.ide.mcu.externaltools.gnu-tools-for-stm32.13.3.rel1.win32_1.0.0.202411081344/tools/bin/../lib/gcc/arm-none-eabi/13.3.1/../../../../arm-none-eabi/lib/thumb/v7e-m+fp/hard\libc_nano.a(libc_a-impure.o)
 .ARM.attributes
                0x00000383       0x34 F:/stm32cube ide/STM32CubeIDE_1.18.1/STM32CubeIDE/plugins/com.st.stm32cube.ide.mcu.externaltools.gnu-tools-for-stm32.13.3.rel1.win32_1.0.0.202411081344/tools/bin/../lib/gcc/arm-none-eabi/13.3.1/../../../../arm-none-eabi/lib/thumb/v7e-m+fp/hard\libc_nano.a(libc_a-errno.o)
 .ARM.attributes
                0x000003b7       0x34 F:/stm32cube ide/STM32CubeIDE_1.18.1/STM32CubeIDE/plugins/com.st.stm32cube.ide.mcu.externaltools.gnu-tools-for-stm32.13.3.rel1.win32_1.0.0.202411081344/tools/bin/../lib/gcc/arm-none-eabi/13.3.1/../../../../arm-none-eabi/lib/thumb/v7e-m+fp/hard\libc_nano.a(libc_a-init.o)
 .ARM.attributes
                0x000003eb       0x34 F:/stm32cube ide/STM32CubeIDE_1.18.1/STM32CubeIDE/plugins/com.st.stm32cube.ide.mcu.externaltools.gnu-tools-for-stm32.13.3.rel1.win32_1.0.0.202411081344/tools/bin/../lib/gcc/arm-none-eabi/13.3.1/../../../../arm-none-eabi/lib/thumb/v7e-m+fp/hard\libc_nano.a(libc_a-lock.o)
 .ARM.attributes
                0x0000041f       0x34 F:/stm32cube ide/STM32CubeIDE_1.18.1/STM32CubeIDE/plugins/com.st.stm32cube.ide.mcu.externaltools.gnu-tools-for-stm32.13.3.rel1.win32_1.0.0.202411081344/tools/bin/../lib/gcc/arm-none-eabi/13.3.1/../../../../arm-none-eabi/lib/thumb/v7e-m+fp/hard\libc_nano.a(libc_a-freer.o)
 .ARM.attributes
                0x00000453       0x34 F:/stm32cube ide/STM32CubeIDE_1.18.1/STM32CubeIDE/plugins/com.st.stm32cube.ide.mcu.externaltools.gnu-tools-for-stm32.13.3.rel1.win32_1.0.0.202411081344/tools/bin/../lib/gcc/arm-none-eabi/13.3.1/../../../../arm-none-eabi/lib/thumb/v7e-m+fp/hard\libc_nano.a(libc_a-mallocr.o)
 .ARM.attributes
                0x00000487       0x34 F:/stm32cube ide/STM32CubeIDE_1.18.1/STM32CubeIDE/plugins/com.st.stm32cube.ide.mcu.externaltools.gnu-tools-for-stm32.13.3.rel1.win32_1.0.0.202411081344/tools/bin/../lib/gcc/arm-none-eabi/13.3.1/../../../../arm-none-eabi/lib/thumb/v7e-m+fp/hard\libc_nano.a(libc_a-mlock.o)
 .ARM.attributes
                0x000004bb       0x34 F:/stm32cube ide/STM32CubeIDE_1.18.1/STM32CubeIDE/plugins/com.st.stm32cube.ide.mcu.externaltools.gnu-tools-for-stm32.13.3.rel1.win32_1.0.0.202411081344/tools/bin/../lib/gcc/arm-none-eabi/13.3.1/../../../../arm-none-eabi/lib/thumb/v7e-m+fp/hard\libc_nano.a(libc_a-nano-svfprintf.o)
 .ARM.attributes
                0x000004ef       0x34 F:/stm32cube ide/STM32CubeIDE_1.18.1/STM32CubeIDE/plugins/com.st.stm32cube.ide.mcu.externaltools.gnu-tools-for-stm32.13.3.rel1.win32_1.0.0.202411081344/tools/bin/../lib/gcc/arm-none-eabi/13.3.1/../../../../arm-none-eabi/lib/thumb/v7e-m+fp/hard\libc_nano.a(libc_a-nano-vfprintf_i.o)
 .ARM.attributes
                0x00000523       0x34 F:/stm32cube ide/STM32CubeIDE_1.18.1/STM32CubeIDE/plugins/com.st.stm32cube.ide.mcu.externaltools.gnu-tools-for-stm32.13.3.rel1.win32_1.0.0.202411081344/tools/bin/../lib/gcc/arm-none-eabi/13.3.1/../../../../arm-none-eabi/lib/thumb/v7e-m+fp/hard\libc_nano.a(libc_a-memmove.o)
 .ARM.attributes
                0x00000557       0x34 F:/stm32cube ide/STM32CubeIDE_1.18.1/STM32CubeIDE/plugins/com.st.stm32cube.ide.mcu.externaltools.gnu-tools-for-stm32.13.3.rel1.win32_1.0.0.202411081344/tools/bin/../lib/gcc/arm-none-eabi/13.3.1/../../../../arm-none-eabi/lib/thumb/v7e-m+fp/hard\libc_nano.a(libc_a-sbrkr.o)
 .ARM.attributes
                0x0000058b       0x1c F:/stm32cube ide/STM32CubeIDE_1.18.1/STM32CubeIDE/plugins/com.st.stm32cube.ide.mcu.externaltools.gnu-tools-for-stm32.13.3.rel1.win32_1.0.0.202411081344/tools/bin/../lib/gcc/arm-none-eabi/13.3.1/../../../../arm-none-eabi/lib/thumb/v7e-m+fp/hard\libc_nano.a(libc_a-memchr.o)
 .ARM.attributes
                0x000005a7       0x34 F:/stm32cube ide/STM32CubeIDE_1.18.1/STM32CubeIDE/plugins/com.st.stm32cube.ide.mcu.externaltools.gnu-tools-for-stm32.13.3.rel1.win32_1.0.0.202411081344/tools/bin/../lib/gcc/arm-none-eabi/13.3.1/../../../../arm-none-eabi/lib/thumb/v7e-m+fp/hard\libc_nano.a(libc_a-memcpy-stub.o)
 .ARM.attributes
                0x000005db       0x34 F:/stm32cube ide/STM32CubeIDE_1.18.1/STM32CubeIDE/plugins/com.st.stm32cube.ide.mcu.externaltools.gnu-tools-for-stm32.13.3.rel1.win32_1.0.0.202411081344/tools/bin/../lib/gcc/arm-none-eabi/13.3.1/../../../../arm-none-eabi/lib/thumb/v7e-m+fp/hard\libc_nano.a(libc_a-reallocr.o)
 .ARM.attributes
                0x0000060f       0x34 F:/stm32cube ide/STM32CubeIDE_1.18.1/STM32CubeIDE/plugins/com.st.stm32cube.ide.mcu.externaltools.gnu-tools-for-stm32.13.3.rel1.win32_1.0.0.202411081344/tools/bin/../lib/gcc/arm-none-eabi/13.3.1/../../../../arm-none-eabi/lib/thumb/v7e-m+fp/hard\libc_nano.a(libc_a-msizer.o)
 .ARM.attributes
                0x00000643       0x22 F:/stm32cube ide/STM32CubeIDE_1.18.1/STM32CubeIDE/plugins/com.st.stm32cube.ide.mcu.externaltools.gnu-tools-for-stm32.13.3.rel1.win32_1.0.0.202411081344/tools/bin/../lib/gcc/arm-none-eabi/13.3.1/thumb/v7e-m+fp/hard/crtn.o
OUTPUT(final_proj_dldks.elf elf32-littlearm)
LOAD linker stubs
LOAD F:/stm32cube ide/STM32CubeIDE_1.18.1/STM32CubeIDE/plugins/com.st.stm32cube.ide.mcu.externaltools.gnu-tools-for-stm32.13.3.rel1.win32_1.0.0.202411081344/tools/bin/../lib/gcc/arm-none-eabi/13.3.1/../../../../arm-none-eabi/lib/thumb/v7e-m+fp/hard\libc.a
LOAD F:/stm32cube ide/STM32CubeIDE_1.18.1/STM32CubeIDE/plugins/com.st.stm32cube.ide.mcu.externaltools.gnu-tools-for-stm32.13.3.rel1.win32_1.0.0.202411081344/tools/bin/../lib/gcc/arm-none-eabi/13.3.1/../../../../arm-none-eabi/lib/thumb/v7e-m+fp/hard\libm.a
LOAD F:/stm32cube ide/STM32CubeIDE_1.18.1/STM32CubeIDE/plugins/com.st.stm32cube.ide.mcu.externaltools.gnu-tools-for-stm32.13.3.rel1.win32_1.0.0.202411081344/tools/bin/../lib/gcc/arm-none-eabi/13.3.1/thumb/v7e-m+fp/hard\libgcc.a

.debug_info     0x00000000     0x2375
 .debug_info    0x00000000      0x40d ./Core/Src/ADC_Init.o
 .debug_info    0x0000040d      0x309 ./Core/Src/GPIO_Init.o
 .debug_info    0x00000716      0x39b ./Core/Src/TIM2_PWM.o
 .debug_info    0x00000ab1      0x427 ./Core/Src/UART1.o
 .debug_info    0x00000ed8      0x14b ./Core/Src/main.o
 .debug_info    0x00001023      0x272 ./Core/Src/motor_control.o
 .debug_info    0x00001295      0x112 ./Core/Src/stm32f4xx_it.o
 .debug_info    0x000013a7      0x168 ./Core/Src/sysmem.o
 .debug_info    0x0000150f       0x3d ./Core/Src/system_clock.o
 .debug_info    0x0000154c      0x53e ./Core/Src/system_stm32f4xx.o
 .debug_info    0x00001a8a       0x30 ./Core/Startup/startup_stm32f401ccux.o
 .debug_info    0x00001aba      0x8bb ./Drivers/STM32F4xx_HAL_Driver/Src/stm32f4xx_hal.o

.debug_abbrev   0x00000000      0xa64
 .debug_abbrev  0x00000000      0x105 ./Core/Src/ADC_Init.o
 .debug_abbrev  0x00000105       0xcf ./Core/Src/GPIO_Init.o
 .debug_abbrev  0x000001d4       0xc8 ./Core/Src/TIM2_PWM.o
 .debug_abbrev  0x0000029c      0x144 ./Core/Src/UART1.o
 .debug_abbrev  0x000003e0       0xd7 ./Core/Src/main.o
 .debug_abbrev  0x000004b7       0xc6 ./Core/Src/motor_control.o
 .debug_abbrev  0x0000057d       0x73 ./Core/Src/stm32f4xx_it.o
 .debug_abbrev  0x000005f0       0xbc ./Core/Src/sysmem.o
 .debug_abbrev  0x000006ac       0x2f ./Core/Src/system_clock.o
 .debug_abbrev  0x000006db      0x11a ./Core/Src/system_stm32f4xx.o
 .debug_abbrev  0x000007f5       0x24 ./Core/Startup/startup_stm32f401ccux.o
 .debug_abbrev  0x00000819      0x24b ./Drivers/STM32F4xx_HAL_Driver/Src/stm32f4xx_hal.o

.debug_aranges  0x00000000      0x2c0
 .debug_aranges
                0x00000000       0x28 ./Core/Src/ADC_Init.o
 .debug_aranges
                0x00000028       0x20 ./Core/Src/GPIO_Init.o
 .debug_aranges
                0x00000048       0x20 ./Core/Src/TIM2_PWM.o
 .debug_aranges
                0x00000068       0x38 ./Core/Src/UART1.o
 .debug_aranges
                0x000000a0       0x20 ./Core/Src/main.o
 .debug_aranges
                0x000000c0       0x20 ./Core/Src/motor_control.o
 .debug_aranges
                0x000000e0       0x60 ./Core/Src/stm32f4xx_it.o
 .debug_aranges
                0x00000140       0x20 ./Core/Src/sysmem.o
 .debug_aranges
                0x00000160       0x20 ./Core/Src/system_clock.o
 .debug_aranges
                0x00000180       0x28 ./Core/Src/system_stm32f4xx.o
 .debug_aranges
                0x000001a8       0x28 ./Core/Startup/startup_stm32f401ccux.o
 .debug_aranges
                0x000001d0       0xf0 ./Drivers/STM32F4xx_HAL_Driver/Src/stm32f4xx_hal.o

.debug_rnglists
                0x00000000      0x1d8
 .debug_rnglists
                0x00000000       0x19 ./Core/Src/ADC_Init.o
 .debug_rnglists
                0x00000019       0x14 ./Core/Src/GPIO_Init.o
 .debug_rnglists
                0x0000002d       0x14 ./Core/Src/TIM2_PWM.o
 .debug_rnglists
                0x00000041       0x26 ./Core/Src/UART1.o
 .debug_rnglists
                0x00000067       0x13 ./Core/Src/main.o
 .debug_rnglists
                0x0000007a       0x13 ./Core/Src/motor_control.o
 .debug_rnglists
                0x0000008d       0x43 ./Core/Src/stm32f4xx_it.o
 .debug_rnglists
                0x000000d0       0x13 ./Core/Src/sysmem.o
 .debug_rnglists
                0x000000e3       0x13 ./Core/Src/system_clock.o
 .debug_rnglists
                0x000000f6       0x1a ./Core/Src/system_stm32f4xx.o
 .debug_rnglists
                0x00000110       0x19 ./Core/Startup/startup_stm32f401ccux.o
 .debug_rnglists
                0x00000129       0xaf ./Drivers/STM32F4xx_HAL_Driver/Src/stm32f4xx_hal.o

.debug_macro    0x00000000    0x15078
 .debug_macro   0x00000000      0x1ba ./Core/Src/ADC_Init.o
 .debug_macro   0x000001ba      0xad8 ./Core/Src/ADC_Init.o
 .debug_macro   0x00000c92       0x2e ./Core/Src/ADC_Init.o
 .debug_macro   0x00000cc0       0x28 ./Core/Src/ADC_Init.o
 .debug_macro   0x00000ce8       0x22 ./Core/Src/ADC_Init.o
 .debug_macro   0x00000d0a       0x8e ./Core/Src/ADC_Init.o
 .debug_macro   0x00000d98       0x51 ./Core/Src/ADC_Init.o
 .debug_macro   0x00000de9      0x103 ./Core/Src/ADC_Init.o
 .debug_macro   0x00000eec       0x6a ./Core/Src/ADC_Init.o
 .debug_macro   0x00000f56      0x1df ./Core/Src/ADC_Init.o
 .debug_macro   0x00001135       0x1c ./Core/Src/ADC_Init.o
 .debug_macro   0x00001151       0x22 ./Core/Src/ADC_Init.o
 .debug_macro   0x00001173       0xfb ./Core/Src/ADC_Init.o
 .debug_macro   0x0000126e     0x1011 ./Core/Src/ADC_Init.o
 .debug_macro   0x0000227f      0x11f ./Core/Src/ADC_Init.o
 .debug_macro   0x0000239e     0xb881 ./Core/Src/ADC_Init.o
 .debug_macro   0x0000dc1f       0x6d ./Core/Src/ADC_Init.o
 .debug_macro   0x0000dc8c      0x28f ./Core/Src/ADC_Init.o
 .debug_macro   0x0000df1b     0x3693 ./Core/Src/ADC_Init.o
 .debug_macro   0x000115ae      0x190 ./Core/Src/ADC_Init.o
 .debug_macro   0x0001173e       0x5c ./Core/Src/ADC_Init.o
 .debug_macro   0x0001179a      0x416 ./Core/Src/ADC_Init.o
 .debug_macro   0x00011bb0      0x9e9 ./Core/Src/ADC_Init.o
 .debug_macro   0x00012599      0x115 ./Core/Src/ADC_Init.o
 .debug_macro   0x000126ae       0xf8 ./Core/Src/ADC_Init.o
 .debug_macro   0x000127a6       0xa5 ./Core/Src/ADC_Init.o
 .debug_macro   0x0001284b      0x15f ./Core/Src/ADC_Init.o
 .debug_macro   0x000129aa      0x287 ./Core/Src/ADC_Init.o
 .debug_macro   0x00012c31       0x5f ./Core/Src/ADC_Init.o
 .debug_macro   0x00012c90      0x236 ./Core/Src/ADC_Init.o
 .debug_macro   0x00012ec6      0x132 ./Core/Src/ADC_Init.o
 .debug_macro   0x00012ff8      0x23a ./Core/Src/ADC_Init.o
 .debug_macro   0x00013232       0x2e ./Core/Src/ADC_Init.o
 .debug_macro   0x00013260      0x127 ./Core/Src/ADC_Init.o
 .debug_macro   0x00013387       0x85 ./Core/Src/ADC_Init.o
 .debug_macro   0x0001340c       0x89 ./Core/Src/ADC_Init.o
 .debug_macro   0x00013495      0x126 ./Core/Src/ADC_Init.o
 .debug_macro   0x000135bb      0x1ba ./Core/Src/GPIO_Init.o
 .debug_macro   0x00013775      0x1ba ./Core/Src/TIM2_PWM.o
 .debug_macro   0x0001392f      0x292 ./Core/Src/UART1.o
 .debug_macro   0x00013bc1       0x61 ./Core/Src/UART1.o
 .debug_macro   0x00013c22       0x2a ./Core/Src/UART1.o
 .debug_macro   0x00013c4c       0x43 ./Core/Src/UART1.o
 .debug_macro   0x00013c8f       0x34 ./Core/Src/UART1.o
 .debug_macro   0x00013cc3       0x16 ./Core/Src/UART1.o
 .debug_macro   0x00013cd9       0x3c ./Core/Src/UART1.o
 .debug_macro   0x00013d15      0x370 ./Core/Src/UART1.o
 .debug_macro   0x00014085       0x10 ./Core/Src/UART1.o
 .debug_macro   0x00014095       0x16 ./Core/Src/UART1.o
 .debug_macro   0x000140ab       0x4a ./Core/Src/UART1.o
 .debug_macro   0x000140f5       0x34 ./Core/Src/UART1.o
 .debug_macro   0x00014129       0x10 ./Core/Src/UART1.o
 .debug_macro   0x00014139       0x58 ./Core/Src/UART1.o
 .debug_macro   0x00014191       0x8e ./Core/Src/UART1.o
 .debug_macro   0x0001421f       0x1c ./Core/Src/UART1.o
 .debug_macro   0x0001423b      0x185 ./Core/Src/UART1.o
 .debug_macro   0x000143c0       0x16 ./Core/Src/UART1.o
 .debug_macro   0x000143d6       0x16 ./Core/Src/UART1.o
 .debug_macro   0x000143ec      0x146 ./Core/Src/UART1.o
 .debug_macro   0x00014532       0x9f ./Core/Src/main.o
 .debug_macro   0x000145d1      0x1ba ./Core/Src/motor_control.o
 .debug_macro   0x0001478b      0x1c4 ./Core/Src/stm32f4xx_it.o
 .debug_macro   0x0001494f      0x112 ./Core/Src/sysmem.o
 .debug_macro   0x00014a61      0x23c ./Core/Src/sysmem.o
 .debug_macro   0x00014c9d       0x1b ./Core/Src/system_clock.o
 .debug_macro   0x00014cb8      0x1b0 ./Core/Src/system_stm32f4xx.o
 .debug_macro   0x00014e68      0x210 ./Drivers/STM32F4xx_HAL_Driver/Src/stm32f4xx_hal.o

.debug_line     0x00000000     0x4c5b
 .debug_line    0x00000000      0x75e ./Core/Src/ADC_Init.o
 .debug_line    0x0000075e      0x7bf ./Core/Src/GPIO_Init.o
 .debug_line    0x00000f1d      0x73e ./Core/Src/TIM2_PWM.o
 .debug_line    0x0000165b      0x9e5 ./Core/Src/UART1.o
 .debug_line    0x00002040      0x485 ./Core/Src/main.o
 .debug_line    0x000024c5      0x736 ./Core/Src/motor_control.o
 .debug_line    0x00002bfb      0x7a8 ./Core/Src/stm32f4xx_it.o
 .debug_line    0x000033a3      0x67b ./Core/Src/sysmem.o
 .debug_line    0x00003a1e       0x69 ./Core/Src/system_clock.o
 .debug_line    0x00003a87      0x76f ./Core/Src/system_stm32f4xx.o
 .debug_line    0x000041f6       0x7a ./Core/Startup/startup_stm32f401ccux.o
 .debug_line    0x00004270      0x9eb ./Drivers/STM32F4xx_HAL_Driver/Src/stm32f4xx_hal.o

.debug_str      0x00000000    0x81e19
 .debug_str     0x00000000    0x81e19 ./Core/Src/ADC_Init.o
                              0x7d6ad (size before relaxing)
 .debug_str     0x00081e19    0x7d63b ./Core/Src/GPIO_Init.o
 .debug_str     0x00081e19    0x7d660 ./Core/Src/TIM2_PWM.o
 .debug_str     0x00081e19    0x80e41 ./Core/Src/UART1.o
 .debug_str     0x00081e19     0x3e78 ./Core/Src/main.o
 .debug_str     0x00081e19    0x7d59c ./Core/Src/motor_control.o
 .debug_str     0x00081e19    0x7d58b ./Core/Src/stm32f4xx_it.o
 .debug_str     0x00081e19     0x777d ./Core/Src/sysmem.o
 .debug_str     0x00081e19     0x2e9f ./Core/Src/system_clock.o
 .debug_str     0x00081e19    0x7d6c7 ./Core/Src/system_stm32f4xx.o
 .debug_str     0x00081e19       0x7f ./Core/Startup/startup_stm32f401ccux.o
 .debug_str     0x00081e19    0x7e0e9 ./Drivers/STM32F4xx_HAL_Driver/Src/stm32f4xx_hal.o

.comment        0x00000000       0x43
 .comment       0x00000000       0x43 ./Core/Src/ADC_Init.o
                                 0x44 (size before relaxing)
 .comment       0x00000043       0x44 ./Core/Src/GPIO_Init.o
 .comment       0x00000043       0x44 ./Core/Src/TIM2_PWM.o
 .comment       0x00000043       0x44 ./Core/Src/UART1.o
 .comment       0x00000043       0x44 ./Core/Src/main.o
 .comment       0x00000043       0x44 ./Core/Src/motor_control.o
 .comment       0x00000043       0x44 ./Core/Src/stm32f4xx_it.o
 .comment       0x00000043       0x44 ./Core/Src/sysmem.o
 .comment       0x00000043       0x44 ./Core/Src/system_clock.o
 .comment       0x00000043       0x44 ./Core/Src/system_stm32f4xx.o
 .comment       0x00000043       0x44 ./Drivers/STM32F4xx_HAL_Driver/Src/stm32f4xx_hal.o

.debug_frame    0x00000000      0xc68
 .debug_frame   0x00000000       0x50 ./Core/Src/ADC_Init.o
 .debug_frame   0x00000050       0x38 ./Core/Src/GPIO_Init.o
 .debug_frame   0x00000088       0x38 ./Core/Src/TIM2_PWM.o
 .debug_frame   0x000000c0       0xa0 ./Core/Src/UART1.o
 .debug_frame   0x00000160       0x30 ./Core/Src/main.o
 .debug_frame   0x00000190       0x38 ./Core/Src/motor_control.o
 .debug_frame   0x000001c8      0x104 ./Core/Src/stm32f4xx_it.o
 .debug_frame   0x000002cc       0x34 ./Core/Src/sysmem.o
 .debug_frame   0x00000300       0x30 ./Core/Src/system_clock.o
 .debug_frame   0x00000330       0x58 ./Core/Src/system_stm32f4xx.o
 .debug_frame   0x00000388      0x374 ./Drivers/STM32F4xx_HAL_Driver/Src/stm32f4xx_hal.o
 .debug_frame   0x000006fc      0x144 F:/stm32cube ide/STM32CubeIDE_1.18.1/STM32CubeIDE/plugins/com.st.stm32cube.ide.mcu.externaltools.gnu-tools-for-stm32.13.3.rel1.win32_1.0.0.202411081344/tools/bin/../lib/gcc/arm-none-eabi/13.3.1/../../../../arm-none-eabi/lib/thumb/v7e-m+fp/hard\libc_nano.a(libc_a-findfp.o)
 .debug_frame   0x00000840       0x74 F:/stm32cube ide/STM32CubeIDE_1.18.1/STM32CubeIDE/plugins/com.st.stm32cube.ide.mcu.externaltools.gnu-tools-for-stm32.13.3.rel1.win32_1.0.0.202411081344/tools/bin/../lib/gcc/arm-none-eabi/13.3.1/../../../../arm-none-eabi/lib/thumb/v7e-m+fp/hard\libc_nano.a(libc_a-sprintf.o)
 .debug_frame   0x000008b4       0x38 F:/stm32cube ide/STM32CubeIDE_1.18.1/STM32CubeIDE/plugins/com.st.stm32cube.ide.mcu.externaltools.gnu-tools-for-stm32.13.3.rel1.win32_1.0.0.202411081344/tools/bin/../lib/gcc/arm-none-eabi/13.3.1/../../../../arm-none-eabi/lib/thumb/v7e-m+fp/hard\libc_nano.a(libc_a-reent.o)
 .debug_frame   0x000008ec       0x20 F:/stm32cube ide/STM32CubeIDE_1.18.1/STM32CubeIDE/plugins/com.st.stm32cube.ide.mcu.externaltools.gnu-tools-for-stm32.13.3.rel1.win32_1.0.0.202411081344/tools/bin/../lib/gcc/arm-none-eabi/13.3.1/../../../../arm-none-eabi/lib/thumb/v7e-m+fp/hard\libc_nano.a(libc_a-errno.o)
 .debug_frame   0x0000090c       0x2c F:/stm32cube ide/STM32CubeIDE_1.18.1/STM32CubeIDE/plugins/com.st.stm32cube.ide.mcu.externaltools.gnu-tools-for-stm32.13.3.rel1.win32_1.0.0.202411081344/tools/bin/../lib/gcc/arm-none-eabi/13.3.1/../../../../arm-none-eabi/lib/thumb/v7e-m+fp/hard\libc_nano.a(libc_a-init.o)
 .debug_frame   0x00000938       0xb0 F:/stm32cube ide/STM32CubeIDE_1.18.1/STM32CubeIDE/plugins/com.st.stm32cube.ide.mcu.externaltools.gnu-tools-for-stm32.13.3.rel1.win32_1.0.0.202411081344/tools/bin/../lib/gcc/arm-none-eabi/13.3.1/../../../../arm-none-eabi/lib/thumb/v7e-m+fp/hard\libc_nano.a(libc_a-lock.o)
 .debug_frame   0x000009e8       0x38 F:/stm32cube ide/STM32CubeIDE_1.18.1/STM32CubeIDE/plugins/com.st.stm32cube.ide.mcu.externaltools.gnu-tools-for-stm32.13.3.rel1.win32_1.0.0.202411081344/tools/bin/../lib/gcc/arm-none-eabi/13.3.1/../../../../arm-none-eabi/lib/thumb/v7e-m+fp/hard\libc_nano.a(libc_a-freer.o)
 .debug_frame   0x00000a20       0x50 F:/stm32cube ide/STM32CubeIDE_1.18.1/STM32CubeIDE/plugins/com.st.stm32cube.ide.mcu.externaltools.gnu-tools-for-stm32.13.3.rel1.win32_1.0.0.202411081344/tools/bin/../lib/gcc/arm-none-eabi/13.3.1/../../../../arm-none-eabi/lib/thumb/v7e-m+fp/hard\libc_nano.a(libc_a-mallocr.o)
 .debug_frame   0x00000a70       0x30 F:/stm32cube ide/STM32CubeIDE_1.18.1/STM32CubeIDE/plugins/com.st.stm32cube.ide.mcu.externaltools.gnu-tools-for-stm32.13.3.rel1.win32_1.0.0.202411081344/tools/bin/../lib/gcc/arm-none-eabi/13.3.1/../../../../arm-none-eabi/lib/thumb/v7e-m+fp/hard\libc_nano.a(libc_a-mlock.o)
 .debug_frame   0x00000aa0       0x90 F:/stm32cube ide/STM32CubeIDE_1.18.1/STM32CubeIDE/plugins/com.st.stm32cube.ide.mcu.externaltools.gnu-tools-for-stm32.13.3.rel1.win32_1.0.0.202411081344/tools/bin/../lib/gcc/arm-none-eabi/13.3.1/../../../../arm-none-eabi/lib/thumb/v7e-m+fp/hard\libc_nano.a(libc_a-nano-svfprintf.o)
 .debug_frame   0x00000b30       0x60 F:/stm32cube ide/STM32CubeIDE_1.18.1/STM32CubeIDE/plugins/com.st.stm32cube.ide.mcu.externaltools.gnu-tools-for-stm32.13.3.rel1.win32_1.0.0.202411081344/tools/bin/../lib/gcc/arm-none-eabi/13.3.1/../../../../arm-none-eabi/lib/thumb/v7e-m+fp/hard\libc_nano.a(libc_a-nano-vfprintf_i.o)
 .debug_frame   0x00000b90       0x28 F:/stm32cube ide/STM32CubeIDE_1.18.1/STM32CubeIDE/plugins/com.st.stm32cube.ide.mcu.externaltools.gnu-tools-for-stm32.13.3.rel1.win32_1.0.0.202411081344/tools/bin/../lib/gcc/arm-none-eabi/13.3.1/../../../../arm-none-eabi/lib/thumb/v7e-m+fp/hard\libc_nano.a(libc_a-memmove.o)
 .debug_frame   0x00000bb8       0x2c F:/stm32cube ide/STM32CubeIDE_1.18.1/STM32CubeIDE/plugins/com.st.stm32cube.ide.mcu.externaltools.gnu-tools-for-stm32.13.3.rel1.win32_1.0.0.202411081344/tools/bin/../lib/gcc/arm-none-eabi/13.3.1/../../../../arm-none-eabi/lib/thumb/v7e-m+fp/hard\libc_nano.a(libc_a-sbrkr.o)
 .debug_frame   0x00000be4       0x28 F:/stm32cube ide/STM32CubeIDE_1.18.1/STM32CubeIDE/plugins/com.st.stm32cube.ide.mcu.externaltools.gnu-tools-for-stm32.13.3.rel1.win32_1.0.0.202411081344/tools/bin/../lib/gcc/arm-none-eabi/13.3.1/../../../../arm-none-eabi/lib/thumb/v7e-m+fp/hard\libc_nano.a(libc_a-memcpy-stub.o)
 .debug_frame   0x00000c0c       0x3c F:/stm32cube ide/STM32CubeIDE_1.18.1/STM32CubeIDE/plugins/com.st.stm32cube.ide.mcu.externaltools.gnu-tools-for-stm32.13.3.rel1.win32_1.0.0.202411081344/tools/bin/../lib/gcc/arm-none-eabi/13.3.1/../../../../arm-none-eabi/lib/thumb/v7e-m+fp/hard\libc_nano.a(libc_a-reallocr.o)
 .debug_frame   0x00000c48       0x20 F:/stm32cube ide/STM32CubeIDE_1.18.1/STM32CubeIDE/plugins/com.st.stm32cube.ide.mcu.externaltools.gnu-tools-for-stm32.13.3.rel1.win32_1.0.0.202411081344/tools/bin/../lib/gcc/arm-none-eabi/13.3.1/../../../../arm-none-eabi/lib/thumb/v7e-m+fp/hard\libc_nano.a(libc_a-msizer.o)

.debug_line_str
                0x00000000       0x63
 .debug_line_str
                0x00000000       0x63 ./Core/Startup/startup_stm32f401ccux.o
